[INFO] Scanning for projects...
[INFO] 
[INFO] ------------------< com.HardwareAplications:Hardware >------------------
[INFO] Building Hardware 0.0.1-SNAPSHOT
[INFO]   from pom.xml
[INFO] --------------------------------[ jar ]---------------------------------
[INFO] 
[INFO] --- clean:3.5.0:clean (default-clean) @ Hardware ---
[INFO] Deleting C:\Users\akifm\IdeaProjects\Hardware\target
[INFO] 
[INFO] --- resources:3.3.1:resources (default-resources) @ Hardware ---
[INFO] Copying 1 resource from src\main\resources to target\classes
[INFO] Copying 0 resource from src\main\resources to target\classes
[INFO] 
[INFO] --- compiler:3.14.1:compile (default-compile) @ Hardware ---
[INFO] Recompiling the module because of changed source code.
[INFO] Compiling 46 source files with javac [debug parameters release 17] to target\classes
[INFO] -------------------------------------------------------------
[ERROR] COMPILATION ERROR : 
[INFO] -------------------------------------------------------------
[ERROR] /C:/Users/akifm/IdeaProjects/Hardware/src/main/java/com/hardwareaplications/hardware/Controller/usersController.java:[22,24] cannot find symbol
  symbol:   method getusers()
  location: variable Uservice of type com.hardwareaplications.hardware.Service.usersService
[ERROR] /C:/Users/akifm/IdeaProjects/Hardware/src/main/java/com/hardwareaplications/hardware/Controller/usersController.java:[27,24] cannot find symbol
  symbol:   method getuserbyID(int)
  location: variable Uservice of type com.hardwareaplications.hardware.Service.usersService
[ERROR] /C:/Users/akifm/IdeaProjects/Hardware/src/main/java/com/hardwareaplications/hardware/Controller/usersController.java:[32,24] cannot find symbol
  symbol:   method addusers(@jakarta.validation.Valid com.hardwareaplications.hardware.user)
  location: variable Uservice of type com.hardwareaplications.hardware.Service.usersService
[ERROR] /C:/Users/akifm/IdeaProjects/Hardware/src/main/java/com/hardwareaplications/hardware/Controller/usersController.java:[37,24] cannot find symbol
  symbol:   method updateusers(@jakarta.validation.Valid com.hardwareaplications.hardware.user)
  location: variable Uservice of type com.hardwareaplications.hardware.Service.usersService
[ERROR] /C:/Users/akifm/IdeaProjects/Hardware/src/main/java/com/hardwareaplications/hardware/Controller/usersController.java:[42,24] cannot find symbol
  symbol:   method deleteusers(int)
  location: variable Uservice of type com.hardwareaplications.hardware.Service.usersService
[INFO] 5 errors 
[INFO] -------------------------------------------------------------
[INFO] ------------------------------------------------------------------------
[INFO] BUILD FAILURE
[INFO] ------------------------------------------------------------------------
[INFO] Total time:  6.240 s
[INFO] Finished at: 2026-03-01T14:36:02+05:30
[INFO] ------------------------------------------------------------------------
[ERROR] Failed to execute goal org.apache.maven.plugins:maven-compiler-plugin:3.14.1:compile (default-compile) on project Hardware: Compilation failure: Compilation failure: 
[ERROR] /C:/Users/akifm/IdeaProjects/Hardware/src/main/java/com/hardwareaplications/hardware/Controller/usersController.java:[22,24] cannot find symbol
[ERROR]   symbol:   method getusers()
[ERROR]   location: variable Uservice of type com.hardwareaplications.hardware.Service.usersService
[ERROR] /C:/Users/akifm/IdeaProjects/Hardware/src/main/java/com/hardwareaplications/hardware/Controller/usersController.java:[27,24] cannot find symbol
[ERROR]   symbol:   method getuserbyID(int)
[ERROR]   location: variable Uservice of type com.hardwareaplications.hardware.Service.usersService
[ERROR] /C:/Users/akifm/IdeaProjects/Hardware/src/main/java/com/hardwareaplications/hardware/Controller/usersController.java:[32,24] cannot find symbol
[ERROR]   symbol:   method addusers(@jakarta.validation.Valid com.hardwareaplications.hardware.user)
[ERROR]   location: variable Uservice of type com.hardwareaplications.hardware.Service.usersService
[ERROR] /C:/Users/akifm/IdeaProjects/Hardware/src/main/java/com/hardwareaplications/hardware/Controller/usersController.java:[37,24] cannot find symbol
[ERROR]   symbol:   method updateusers(@jakarta.validation.Valid com.hardwareaplications.hardware.user)
[ERROR]   location: variable Uservice of type com.hardwareaplications.hardware.Service.usersService
[ERROR] /C:/Users/akifm/IdeaProjects/Hardware/src/main/java/com/hardwareaplications/hardware/Controller/usersController.java:[42,24] cannot find symbol
[ERROR]   symbol:   method deleteusers(int)
[ERROR]   location: variable Uservice of type com.hardwareaplications.hardware.Service.usersService
[ERROR] -> [Help 1]
[ERROR] 
[ERROR] To see the full stack trace of the errors, re-run Maven with the -e switch.
[ERROR] Re-run Maven using the -X switch to enable full debug logging.
[ERROR] 
[ERROR] For more information about the errors and possible solutions, please read the following articles:
[ERROR] [Help 1] http://cwiki.apache.org/confluence/display/MAVEN/MojoFailureException
